[+] Containers:
 |- [+] Container: /Game/Maps/CombatTestMap
 |   |- [+] ActorDescs:
 |   |   |- Guid:0AB0F6CEC7EA3947981EAD2214EAD55A NativeClass:/Script/Engine.StaticMeshActor Name:StaticMeshActor_UAID_A4AE111137DC5EFB00_1110535423 Label:SM_SkySphere SpatiallyLoaded:false EditorBounds:IsValid=true, Min=(X=-1638400.000 Y=-1638400.000 Z=-1638400.000), Max=(X=1638400.000 Y=1638400.000 Z=1638400.000) RuntimeBounds:IsValid=true, Min=(X=-1638400.000 Y=-1638400.000 Z=-1638400.000), Max=(X=1638400.000 Y=1638400.000 Z=1638400.000) RuntimeGrid:None EditorOnly:false RuntimeOnly:false HLODRelevant:false ListedInSceneOutliner:true IsMainWorldOnly:false FolderPath:Lighting FolderGuid:963EC3EB4002CCE9759E2EBA541A873A
 |   |   |- Guid:2406ABD557CD34EDB3C7E59A384434D2 NativeClass:/Script/Engine.ExponentialHeightFog Name:ExponentialHeightFog_0 Label:ExponentialHeightFog SpatiallyLoaded:false EditorBounds:IsValid=true, Min=(X=-5728.000 Y=-178.000 Z=-6978.000), Max=(X=-5472.000 Y=78.000 Z=-6722.000) RuntimeBounds:IsValid=true, Min=(X=-5600.000 Y=-50.000 Z=-6850.000), Max=(X=-5600.000 Y=-50.000 Z=-6850.000) RuntimeGrid:None EditorOnly:false RuntimeOnly:false HLODRelevant:false ListedInSceneOutliner:true IsMainWorldOnly:false FolderPath:Lighting FolderGuid:963EC3EB4002CCE9759E2EBA541A873A
 |   |   |- Guid:2E44BFF24136BC8B6EE93C80CE2E4B76 BaseClass:/Game/Enemy/Gruntling/Guardian/BP_Gruntling_Guardian.BP_Gruntling_Guardian_C NativeClass:/Script/Warrior.WarriorEnemyCharacter Name:BP_Gruntling_Guardian_C_UAID_107C61AD2840B56602_1662193064 Label:BP_Gruntling_Guardian2 SpatiallyLoaded:true EditorBounds:IsValid=true, Min=(X=1755.723 Y=1963.477 Z=-0.000), Max=(X=2070.000 Y=2196.700 Z=210.608) RuntimeBounds:IsValid=true, Min=(X=1755.723 Y=1963.477 Z=-0.000), Max=(X=1897.500 Y=2196.700 Z=210.608) RuntimeGrid:None EditorOnly:false RuntimeOnly:false HLODRelevant:false ListedInSceneOutliner:true IsMainWorldOnly:false
 |   |   |- Guid:3C39792343F696AC16A01D86625F9BB4 BaseClass:/Game/Enemy/Gruntling/Guardian/BP_Gruntling_Guardian.BP_Gruntling_Guardian_C NativeClass:/Script/Warrior.WarriorEnemyCharacter Name:BP_Gruntling_Guardian_C_UAID_107C61AD2840B56602_1661345063 Label:BP_Gruntling_Guardian SpatiallyLoaded:true EditorBounds:IsValid=true, Min=(X=2425.723 Y=2023.477 Z=-0.000), Max=(X=2740.000 Y=2256.700 Z=210.608) RuntimeBounds:IsValid=true, Min=(X=2425.723 Y=2023.477 Z=-0.000), Max=(X=2567.500 Y=2256.700 Z=210.608) RuntimeGrid:None EditorOnly:false RuntimeOnly:false HLODRelevant:false ListedInSceneOutliner:true IsMainWorldOnly:false
 |   |   |- Guid:42665B8E08C3356DBBE6DDEA2C5A9A2F NativeClass:/Script/Engine.StaticMeshActor Name:StaticMeshActor_4 Label:SM_Cube6 SpatiallyLoaded:true EditorBounds:IsValid=true, Min=(X=2900.000 Y=100.000 Z=0.000), Max=(X=3000.000 Y=3400.000 Z=400.000) RuntimeBounds:IsValid=true, Min=(X=2900.000 Y=100.000 Z=0.000), Max=(X=3000.000 Y=3400.000 Z=400.000) RuntimeGrid:None EditorOnly:false RuntimeOnly:false HLODRelevant:true ListedInSceneOutliner:true IsMainWorldOnly:false FolderPath:Playground FolderGuid:C73F09FC4215536B1DCE2A9E0A830C70
 |   |   |- Guid:52DE40E6326B3F18990B6A74BBBE6C59 NativeClass:/Script/Engine.PostProcessVolume Name:PostProcessVolume_0 Label:PostProcessVolume SpatiallyLoaded:false EditorBounds:IsValid=true, Min=(X=0.000 Y=0.000 Z=400.000), Max=(X=200.000 Y=200.000 Z=600.000) RuntimeBounds:IsValid=true, Min=(X=0.000 Y=0.000 Z=400.000), Max=(X=200.000 Y=200.000 Z=600.000) RuntimeGrid:None EditorOnly:false RuntimeOnly:false HLODRelevant:false ListedInSceneOutliner:true IsMainWorldOnly:false FolderPath:Lighting FolderGuid:963EC3EB4002CCE9759E2EBA541A873A
 |   |   |- Guid:581045CF482F372B9A24816D4B6316FC NativeClass:/Script/Engine.WorldDataLayers Name:WorldDataLayers Label:WorldDataLayers SpatiallyLoaded:false EditorBounds:IsValid=false, Min=(X=0.000 Y=0.000 Z=0.000), Max=(X=0.000 Y=0.000 Z=0.000) RuntimeBounds:IsValid=false, Min=(X=0.000 Y=0.000 Z=0.000), Max=(X=0.000 Y=0.000 Z=0.000) RuntimeGrid:None EditorOnly:false RuntimeOnly:false HLODRelevant:false ListedInSceneOutliner:true IsMainWorldOnly:true
 |   |   |- Guid:60FDECEA345A3C709695A9778FA28F46 NativeClass:/Script/Engine.VolumetricCloud Name:VolumetricCloud_0 Label:VolumetricCloud SpatiallyLoaded:false EditorBounds:IsValid=true, Min=(X=-128.000 Y=-128.000 Z=692.000), Max=(X=128.000 Y=128.000 Z=948.000) RuntimeBounds:IsValid=true, Min=(X=0.000 Y=0.000 Z=820.000), Max=(X=0.000 Y=0.000 Z=820.000) RuntimeGrid:None EditorOnly:false RuntimeOnly:false HLODRelevant:false ListedInSceneOutliner:true IsMainWorldOnly:false FolderPath:Lighting FolderGuid:963EC3EB4002CCE9759E2EBA541A873A
 |   |   |- Guid:62DC1783A7E03A6CBAD2F892A6646853 NativeClass:/Script/Engine.SkyAtmosphere Name:SkyAtmosphere_0 Label:SkyAtmosphere SpatiallyLoaded:false EditorBounds:IsValid=true, Min=(X=-128.000 Y=-128.000 Z=892.000), Max=(X=240.000 Y=128.000 Z=1148.000) RuntimeBounds:IsValid=true, Min=(X=0.000 Y=0.000 Z=1020.000), Max=(X=0.000 Y=0.000 Z=1020.000) RuntimeGrid:None EditorOnly:false RuntimeOnly:false HLODRelevant:false ListedInSceneOutliner:true IsMainWorldOnly:false FolderPath:Lighting FolderGuid:963EC3EB4002CCE9759E2EBA541A873A
 |   |   |- Guid:6467120DF1AC3EC4950502EEFB1E3988 NativeClass:/Script/NavigationSystem.RecastNavMesh Name:RecastNavMesh_UAID_107C61AD2840A65C02-Default Label:RecastNavMesh-Default SpatiallyLoaded:false EditorBounds:IsValid=true, Min=(X=0.000 Y=0.000 Z=0.000), Max=(X=0.000 Y=0.000 Z=0.000) RuntimeBounds:IsValid=true, Min=(X=0.000 Y=0.000 Z=0.000), Max=(X=0.000 Y=0.000 Z=0.000) RuntimeGrid:None EditorOnly:false RuntimeOnly:false HLODRelevant:false ListedInSceneOutliner:true IsMainWorldOnly:false
 |   |   |- Guid:6479A8772F1F359E81215D905AF4EE6F NativeClass:/Script/Engine.StaticMeshActor Name:StaticMeshActor_6 Label:SM_Cube3 SpatiallyLoaded:true EditorBounds:IsValid=true, Min=(X=0.000 Y=3400.000 Z=0.000), Max=(X=3000.000 Y=3500.000 Z=400.000) RuntimeBounds:IsValid=true, Min=(X=0.000 Y=3400.000 Z=0.000), Max=(X=3000.000 Y=3500.000 Z=400.000) RuntimeGrid:None EditorOnly:false RuntimeOnly:false HLODRelevant:true ListedInSceneOutliner:true IsMainWorldOnly:false FolderPath:Playground FolderGuid:C73F09FC4215536B1DCE2A9E0A830C70
 |   |   |- Guid:6E4413DD63083D51977982A8053CDEC5 NativeClass:/Script/Engine.StaticMeshActor Name:StaticMeshActor_0 Label:SM_Cube5 SpatiallyLoaded:true EditorBounds:IsValid=true, Min=(X=-0.000 Y=100.000 Z=0.000), Max=(X=100.000 Y=3400.000 Z=400.000) RuntimeBounds:IsValid=true, Min=(X=-0.000 Y=100.000 Z=0.000), Max=(X=100.000 Y=3400.000 Z=400.000) RuntimeGrid:None EditorOnly:false RuntimeOnly:false HLODRelevant:true ListedInSceneOutliner:true IsMainWorldOnly:false FolderPath:Playground FolderGuid:C73F09FC4215536B1DCE2A9E0A830C70
 |   |   |- Guid:82DD688A443E11B30074008133AA9EDD BaseClass:/Game/Enemy/Gruntling/Guardian/BP_Gruntling_Guardian.BP_Gruntling_Guardian_C NativeClass:/Script/Warrior.WarriorEnemyCharacter Name:BP_Gruntling_Guardian_C_UAID_107C61AD2840B56602_1663697065 Label:BP_Gruntling_Guardian3 SpatiallyLoaded:true EditorBounds:IsValid=true, Min=(X=1435.723 Y=673.477 Z=-0.000), Max=(X=1750.000 Y=906.700 Z=210.608) RuntimeBounds:IsValid=true, Min=(X=1435.723 Y=673.477 Z=-0.000), Max=(X=1577.500 Y=906.700 Z=210.608) RuntimeGrid:None EditorOnly:false RuntimeOnly:false HLODRelevant:false ListedInSceneOutliner:true IsMainWorldOnly:false
 |   |   |- Guid:9DC67D3DAFD03767BA1A48F078708457 NativeClass:/Script/Engine.TextRenderActor Name:TextRenderActor_1 Label:TextRenderActor SpatiallyLoaded:true EditorBounds:IsValid=true, Min=(X=-128.100 Y=972.000 Z=12.013), Max=(X=127.900 Y=2392.308 Z=268.013) RuntimeBounds:IsValid=true, Min=(X=-0.100 Y=1100.000 Z=65.013), Max=(X=-0.100 Y=2392.308 Z=215.013) RuntimeGrid:None EditorOnly:false RuntimeOnly:false HLODRelevant:false ListedInSceneOutliner:true IsMainWorldOnly:false
 |   |   |- Guid:AD24666B3AD63CEAA3B3A7995D93E980 NativeClass:/Script/Engine.PlayerStart Name:PlayerStart_0 Label:PlayerStart SpatiallyLoaded:false EditorBounds:IsValid=true, Min=(X=1790.287 Y=982.000 Z=-35.987), Max=(X=2158.581 Y=1238.000 Z=220.013) RuntimeBounds:IsValid=true, Min=(X=1990.433 Y=1069.852 Z=0.013), Max=(X=2070.729 Y=1150.148 Z=184.013) RuntimeGrid:None EditorOnly:false RuntimeOnly:false HLODRelevant:false ListedInSceneOutliner:true IsMainWorldOnly:false
 |   |   |- Guid:B057BD1B489C8045D3E43E83AF17B795 BaseClass:/Game/Enemy/Gruntling/Guardian/BP_Gruntling_Guardian.BP_Gruntling_Guardian_C NativeClass:/Script/Warrior.WarriorEnemyCharacter Name:BP_Gruntling_Guardian_C_UAID_107C61AD2840B56602_1668300066 Label:BP_Gruntling_Guardian4 SpatiallyLoaded:true EditorBounds:IsValid=true, Min=(X=1205.723 Y=1653.477 Z=-0.000), Max=(X=1520.000 Y=1886.700 Z=210.608) RuntimeBounds:IsValid=true, Min=(X=1205.723 Y=1653.477 Z=-0.000), Max=(X=1347.500 Y=1886.700 Z=210.608) RuntimeGrid:None EditorOnly:false RuntimeOnly:false HLODRelevant:false ListedInSceneOutliner:true IsMainWorldOnly:false
 |   |   |- Guid:B463402695B13F6B98E703E2170C59A6 BaseClass:/Game/Enemy/Gruntling/Glacer/BP_Gruntling_Glacer.BP_Gruntling_Glacer_C NativeClass:/Script/Warrior.WarriorEnemyCharacter Name:BP_Gruntling_Glacer_C_UAID_107C61AD2840B96502_1207783711 Label:BP_Gruntling_Glacer SpatiallyLoaded:true EditorBounds:IsValid=true, Min=(X=1092.500 Y=1240.000 Z=-2.983), Max=(X=1400.000 Y=1415.361 Z=247.500) RuntimeBounds:IsValid=true, Min=(X=1092.500 Y=1252.500 Z=-2.983), Max=(X=1227.500 Y=1415.361 Z=247.500) RuntimeGrid:None EditorOnly:false RuntimeOnly:false HLODRelevant:false ListedInSceneOutliner:true IsMainWorldOnly:false
 |   |   |- Guid:CE6F9F95216532BE89622AFA133C18CC NativeClass:/Script/Engine.SkyLight Name:SkyLight_1 Label:SkyLight SpatiallyLoaded:false EditorBounds:IsValid=true, Min=(X=-1.000 Y=-1.000 Z=-1.000), Max=(X=1.000 Y=1.000 Z=690.000) RuntimeBounds:IsValid=true, Min=(X=0.000 Y=0.000 Z=690.000), Max=(X=0.000 Y=0.000 Z=690.000) RuntimeGrid:None EditorOnly:false RuntimeOnly:false HLODRelevant:false ListedInSceneOutliner:true IsMainWorldOnly:false FolderPath:Lighting FolderGuid:963EC3EB4002CCE9759E2EBA541A873A
 |   |   |- Guid:D2BF7CEA12E2363B951D9B36E75A08FB NativeClass:/Script/Engine.StaticMeshActor Name:StaticMeshActor_5 Label:SM_Cube2 SpatiallyLoaded:true EditorBounds:IsValid=true, Min=(X=0.000 Y=0.000 Z=0.000), Max=(X=3000.000 Y=100.000 Z=400.000) RuntimeBounds:IsValid=true, Min=(X=0.000 Y=0.000 Z=0.000), Max=(X=3000.000 Y=100.000 Z=400.000) RuntimeGrid:None EditorOnly:false RuntimeOnly:false HLODRelevant:true ListedInSceneOutliner:true IsMainWorldOnly:false FolderPath:Playground FolderGuid:C73F09FC4215536B1DCE2A9E0A830C70
 |   |   |- Guid:E4BF89DA3BD534A6A8914863272E1EEC NativeClass:/Script/Engine.DirectionalLight Name:DirectionalLight_0 Label:DirectionalLight SpatiallyLoaded:false EditorBounds:IsValid=false, Min=(X=0.000 Y=0.000 Z=0.000), Max=(X=0.000 Y=0.000 Z=0.000) RuntimeBounds:IsValid=false, Min=(X=0.000 Y=0.000 Z=0.000), Max=(X=0.000 Y=0.000 Z=0.000) RuntimeGrid:None EditorOnly:false RuntimeOnly:false HLODRelevant:false ListedInSceneOutliner:true IsMainWorldOnly:false FolderPath:Lighting FolderGuid:963EC3EB4002CCE9759E2EBA541A873A
 |   |   |- Guid:F8BE095CCBAC394CAF663240DA29C86F NativeClass:/Script/NavigationSystem.NavMeshBoundsVolume Name:NavMeshBoundsVolume_UAID_107C61AD2840A65C02_1571837863 Label:NavMeshBoundsVolume SpatiallyLoaded:false EditorBounds:IsValid=true, Min=(X=-580.000 Y=-1100.000 Z=-2040.000), Max=(X=3420.000 Y=2900.000 Z=1960.000) RuntimeBounds:IsValid=true, Min=(X=-580.000 Y=-1100.000 Z=-2040.000), Max=(X=3420.000 Y=2900.000 Z=1960.000) RuntimeGrid:None EditorOnly:false RuntimeOnly:false HLODRelevant:false ListedInSceneOutliner:true IsMainWorldOnly:false
 |   |   |- Guid:FF017BBED2733700A3F88657D218897B NativeClass:/Script/Engine.StaticMeshActor Name:StaticMeshActor_1 Label:SM_Cube SpatiallyLoaded:true EditorBounds:IsValid=true, Min=(X=0.000 Y=0.000 Z=-50.000), Max=(X=3000.000 Y=3500.000 Z=0.000) RuntimeBounds:IsValid=true, Min=(X=0.000 Y=0.000 Z=-50.000), Max=(X=3000.000 Y=3500.000 Z=0.000) RuntimeGrid:None EditorOnly:false RuntimeOnly:false HLODRelevant:true ListedInSceneOutliner:true IsMainWorldOnly:false FolderPath:Playground FolderGuid:C73F09FC4215536B1DCE2A9E0A830C70
 |   |- [+] Clusters:
 |   |   |- [+] [  0]
 |   |   |   |- Guid:0AB0F6CEC7EA3947981EAD2214EAD55A NativeClass:/Script/Engine.StaticMeshActor Name:StaticMeshActor_UAID_A4AE111137DC5EFB00_1110535423 Label:SM_SkySphere SpatiallyLoaded:false EditorBounds:IsValid=true, Min=(X=-1638400.000 Y=-1638400.000 Z=-1638400.000), Max=(X=1638400.000 Y=1638400.000 Z=1638400.000) RuntimeBounds:IsValid=true, Min=(X=-1638400.000 Y=-1638400.000 Z=-1638400.000), Max=(X=1638400.000 Y=1638400.000 Z=1638400.000) RuntimeGrid:None EditorOnly:false RuntimeOnly:false HLODRelevant:false ListedInSceneOutliner:true IsMainWorldOnly:false FolderPath:Lighting FolderGuid:963EC3EB4002CCE9759E2EBA541A873A
 |   |   |- [+] [  1]
 |   |   |   |- Guid:2406ABD557CD34EDB3C7E59A384434D2 NativeClass:/Script/Engine.ExponentialHeightFog Name:ExponentialHeightFog_0 Label:ExponentialHeightFog SpatiallyLoaded:false EditorBounds:IsValid=true, Min=(X=-5728.000 Y=-178.000 Z=-6978.000), Max=(X=-5472.000 Y=78.000 Z=-6722.000) RuntimeBounds:IsValid=true, Min=(X=-5600.000 Y=-50.000 Z=-6850.000), Max=(X=-5600.000 Y=-50.000 Z=-6850.000) RuntimeGrid:None EditorOnly:false RuntimeOnly:false HLODRelevant:false ListedInSceneOutliner:true IsMainWorldOnly:false FolderPath:Lighting FolderGuid:963EC3EB4002CCE9759E2EBA541A873A
 |   |   |- [+] [  2]
 |   |   |   |- Guid:2E44BFF24136BC8B6EE93C80CE2E4B76 BaseClass:/Game/Enemy/Gruntling/Guardian/BP_Gruntling_Guardian.BP_Gruntling_Guardian_C NativeClass:/Script/Warrior.WarriorEnemyCharacter Name:BP_Gruntling_Guardian_C_UAID_107C61AD2840B56602_1662193064 Label:BP_Gruntling_Guardian2 SpatiallyLoaded:true EditorBounds:IsValid=true, Min=(X=1755.723 Y=1963.477 Z=-0.000), Max=(X=2070.000 Y=2196.700 Z=210.608) RuntimeBounds:IsValid=true, Min=(X=1755.723 Y=1963.477 Z=-0.000), Max=(X=1897.500 Y=2196.700 Z=210.608) RuntimeGrid:None EditorOnly:false RuntimeOnly:false HLODRelevant:false ListedInSceneOutliner:true IsMainWorldOnly:false
 |   |   |- [+] [  3]
 |   |   |   |- Guid:3C39792343F696AC16A01D86625F9BB4 BaseClass:/Game/Enemy/Gruntling/Guardian/BP_Gruntling_Guardian.BP_Gruntling_Guardian_C NativeClass:/Script/Warrior.WarriorEnemyCharacter Name:BP_Gruntling_Guardian_C_UAID_107C61AD2840B56602_1661345063 Label:BP_Gruntling_Guardian SpatiallyLoaded:true EditorBounds:IsValid=true, Min=(X=2425.723 Y=2023.477 Z=-0.000), Max=(X=2740.000 Y=2256.700 Z=210.608) RuntimeBounds:IsValid=true, Min=(X=2425.723 Y=2023.477 Z=-0.000), Max=(X=2567.500 Y=2256.700 Z=210.608) RuntimeGrid:None EditorOnly:false RuntimeOnly:false HLODRelevant:false ListedInSceneOutliner:true IsMainWorldOnly:false
 |   |   |- [+] [  4]
 |   |   |   |- Guid:42665B8E08C3356DBBE6DDEA2C5A9A2F NativeClass:/Script/Engine.StaticMeshActor Name:StaticMeshActor_4 Label:SM_Cube6 SpatiallyLoaded:true EditorBounds:IsValid=true, Min=(X=2900.000 Y=100.000 Z=0.000), Max=(X=3000.000 Y=3400.000 Z=400.000) RuntimeBounds:IsValid=true, Min=(X=2900.000 Y=100.000 Z=0.000), Max=(X=3000.000 Y=3400.000 Z=400.000) RuntimeGrid:None EditorOnly:false RuntimeOnly:false HLODRelevant:true ListedInSceneOutliner:true IsMainWorldOnly:false FolderPath:Playground FolderGuid:C73F09FC4215536B1DCE2A9E0A830C70
 |   |   |- [+] [  5]
 |   |   |   |- Guid:52DE40E6326B3F18990B6A74BBBE6C59 NativeClass:/Script/Engine.PostProcessVolume Name:PostProcessVolume_0 Label:PostProcessVolume SpatiallyLoaded:false EditorBounds:IsValid=true, Min=(X=0.000 Y=0.000 Z=400.000), Max=(X=200.000 Y=200.000 Z=600.000) RuntimeBounds:IsValid=true, Min=(X=0.000 Y=0.000 Z=400.000), Max=(X=200.000 Y=200.000 Z=600.000) RuntimeGrid:None EditorOnly:false RuntimeOnly:false HLODRelevant:false ListedInSceneOutliner:true IsMainWorldOnly:false FolderPath:Lighting FolderGuid:963EC3EB4002CCE9759E2EBA541A873A
 |   |   |- [+] [  6]
 |   |   |   |- Guid:581045CF482F372B9A24816D4B6316FC NativeClass:/Script/Engine.WorldDataLayers Name:WorldDataLayers Label:WorldDataLayers SpatiallyLoaded:false EditorBounds:IsValid=false, Min=(X=0.000 Y=0.000 Z=0.000), Max=(X=0.000 Y=0.000 Z=0.000) RuntimeBounds:IsValid=false, Min=(X=0.000 Y=0.000 Z=0.000), Max=(X=0.000 Y=0.000 Z=0.000) RuntimeGrid:None EditorOnly:false RuntimeOnly:false HLODRelevant:false ListedInSceneOutliner:true IsMainWorldOnly:true
 |   |   |- [+] [  7]
 |   |   |   |- Guid:60FDECEA345A3C709695A9778FA28F46 NativeClass:/Script/Engine.VolumetricCloud Name:VolumetricCloud_0 Label:VolumetricCloud SpatiallyLoaded:false EditorBounds:IsValid=true, Min=(X=-128.000 Y=-128.000 Z=692.000), Max=(X=128.000 Y=128.000 Z=948.000) RuntimeBounds:IsValid=true, Min=(X=0.000 Y=0.000 Z=820.000), Max=(X=0.000 Y=0.000 Z=820.000) RuntimeGrid:None EditorOnly:false RuntimeOnly:false HLODRelevant:false ListedInSceneOutliner:true IsMainWorldOnly:false FolderPath:Lighting FolderGuid:963EC3EB4002CCE9759E2EBA541A873A
 |   |   |- [+] [  8]
 |   |   |   |- Guid:62DC1783A7E03A6CBAD2F892A6646853 NativeClass:/Script/Engine.SkyAtmosphere Name:SkyAtmosphere_0 Label:SkyAtmosphere SpatiallyLoaded:false EditorBounds:IsValid=true, Min=(X=-128.000 Y=-128.000 Z=892.000), Max=(X=240.000 Y=128.000 Z=1148.000) RuntimeBounds:IsValid=true, Min=(X=0.000 Y=0.000 Z=1020.000), Max=(X=0.000 Y=0.000 Z=1020.000) RuntimeGrid:None EditorOnly:false RuntimeOnly:false HLODRelevant:false ListedInSceneOutliner:true IsMainWorldOnly:false FolderPath:Lighting FolderGuid:963EC3EB4002CCE9759E2EBA541A873A
 |   |   |- [+] [  9]
 |   |   |   |- Guid:6467120DF1AC3EC4950502EEFB1E3988 NativeClass:/Script/NavigationSystem.RecastNavMesh Name:RecastNavMesh_UAID_107C61AD2840A65C02-Default Label:RecastNavMesh-Default SpatiallyLoaded:false EditorBounds:IsValid=true, Min=(X=0.000 Y=0.000 Z=0.000), Max=(X=0.000 Y=0.000 Z=0.000) RuntimeBounds:IsValid=true, Min=(X=0.000 Y=0.000 Z=0.000), Max=(X=0.000 Y=0.000 Z=0.000) RuntimeGrid:None EditorOnly:false RuntimeOnly:false HLODRelevant:false ListedInSceneOutliner:true IsMainWorldOnly:false
 |   |   |- [+] [ 10]
 |   |   |   |- Guid:6479A8772F1F359E81215D905AF4EE6F NativeClass:/Script/Engine.StaticMeshActor Name:StaticMeshActor_6 Label:SM_Cube3 SpatiallyLoaded:true EditorBounds:IsValid=true, Min=(X=0.000 Y=3400.000 Z=0.000), Max=(X=3000.000 Y=3500.000 Z=400.000) RuntimeBounds:IsValid=true, Min=(X=0.000 Y=3400.000 Z=0.000), Max=(X=3000.000 Y=3500.000 Z=400.000) RuntimeGrid:None EditorOnly:false RuntimeOnly:false HLODRelevant:true ListedInSceneOutliner:true IsMainWorldOnly:false FolderPath:Playground FolderGuid:C73F09FC4215536B1DCE2A9E0A830C70
 |   |   |- [+] [ 11]
 |   |   |   |- Guid:6E4413DD63083D51977982A8053CDEC5 NativeClass:/Script/Engine.StaticMeshActor Name:StaticMeshActor_0 Label:SM_Cube5 SpatiallyLoaded:true EditorBounds:IsValid=true, Min=(X=-0.000 Y=100.000 Z=0.000), Max=(X=100.000 Y=3400.000 Z=400.000) RuntimeBounds:IsValid=true, Min=(X=-0.000 Y=100.000 Z=0.000), Max=(X=100.000 Y=3400.000 Z=400.000) RuntimeGrid:None EditorOnly:false RuntimeOnly:false HLODRelevant:true ListedInSceneOutliner:true IsMainWorldOnly:false FolderPath:Playground FolderGuid:C73F09FC4215536B1DCE2A9E0A830C70
 |   |   |- [+] [ 12]
 |   |   |   |- Guid:82DD688A443E11B30074008133AA9EDD BaseClass:/Game/Enemy/Gruntling/Guardian/BP_Gruntling_Guardian.BP_Gruntling_Guardian_C NativeClass:/Script/Warrior.WarriorEnemyCharacter Name:BP_Gruntling_Guardian_C_UAID_107C61AD2840B56602_1663697065 Label:BP_Gruntling_Guardian3 SpatiallyLoaded:true EditorBounds:IsValid=true, Min=(X=1435.723 Y=673.477 Z=-0.000), Max=(X=1750.000 Y=906.700 Z=210.608) RuntimeBounds:IsValid=true, Min=(X=1435.723 Y=673.477 Z=-0.000), Max=(X=1577.500 Y=906.700 Z=210.608) RuntimeGrid:None EditorOnly:false RuntimeOnly:false HLODRelevant:false ListedInSceneOutliner:true IsMainWorldOnly:false
 |   |   |- [+] [ 13]
 |   |   |   |- Guid:9DC67D3DAFD03767BA1A48F078708457 NativeClass:/Script/Engine.TextRenderActor Name:TextRenderActor_1 Label:TextRenderActor SpatiallyLoaded:true EditorBounds:IsValid=true, Min=(X=-128.100 Y=972.000 Z=12.013), Max=(X=127.900 Y=2392.308 Z=268.013) RuntimeBounds:IsValid=true, Min=(X=-0.100 Y=1100.000 Z=65.013), Max=(X=-0.100 Y=2392.308 Z=215.013) RuntimeGrid:None EditorOnly:false RuntimeOnly:false HLODRelevant:false ListedInSceneOutliner:true IsMainWorldOnly:false
 |   |   |- [+] [ 14]
 |   |   |   |- Guid:AD24666B3AD63CEAA3B3A7995D93E980 NativeClass:/Script/Engine.PlayerStart Name:PlayerStart_0 Label:PlayerStart SpatiallyLoaded:false EditorBounds:IsValid=true, Min=(X=1790.287 Y=982.000 Z=-35.987), Max=(X=2158.581 Y=1238.000 Z=220.013) RuntimeBounds:IsValid=true, Min=(X=1990.433 Y=1069.852 Z=0.013), Max=(X=2070.729 Y=1150.148 Z=184.013) RuntimeGrid:None EditorOnly:false RuntimeOnly:false HLODRelevant:false ListedInSceneOutliner:true IsMainWorldOnly:false
 |   |   |- [+] [ 15]
 |   |   |   |- Guid:B057BD1B489C8045D3E43E83AF17B795 BaseClass:/Game/Enemy/Gruntling/Guardian/BP_Gruntling_Guardian.BP_Gruntling_Guardian_C NativeClass:/Script/Warrior.WarriorEnemyCharacter Name:BP_Gruntling_Guardian_C_UAID_107C61AD2840B56602_1668300066 Label:BP_Gruntling_Guardian4 SpatiallyLoaded:true EditorBounds:IsValid=true, Min=(X=1205.723 Y=1653.477 Z=-0.000), Max=(X=1520.000 Y=1886.700 Z=210.608) RuntimeBounds:IsValid=true, Min=(X=1205.723 Y=1653.477 Z=-0.000), Max=(X=1347.500 Y=1886.700 Z=210.608) RuntimeGrid:None EditorOnly:false RuntimeOnly:false HLODRelevant:false ListedInSceneOutliner:true IsMainWorldOnly:false
 |   |   |- [+] [ 16]
 |   |   |   |- Guid:B463402695B13F6B98E703E2170C59A6 BaseClass:/Game/Enemy/Gruntling/Glacer/BP_Gruntling_Glacer.BP_Gruntling_Glacer_C NativeClass:/Script/Warrior.WarriorEnemyCharacter Name:BP_Gruntling_Glacer_C_UAID_107C61AD2840B96502_1207783711 Label:BP_Gruntling_Glacer SpatiallyLoaded:true EditorBounds:IsValid=true, Min=(X=1092.500 Y=1240.000 Z=-2.983), Max=(X=1400.000 Y=1415.361 Z=247.500) RuntimeBounds:IsValid=true, Min=(X=1092.500 Y=1252.500 Z=-2.983), Max=(X=1227.500 Y=1415.361 Z=247.500) RuntimeGrid:None EditorOnly:false RuntimeOnly:false HLODRelevant:false ListedInSceneOutliner:true IsMainWorldOnly:false
 |   |   |- [+] [ 17]
 |   |   |   |- Guid:CE6F9F95216532BE89622AFA133C18CC NativeClass:/Script/Engine.SkyLight Name:SkyLight_1 Label:SkyLight SpatiallyLoaded:false EditorBounds:IsValid=true, Min=(X=-1.000 Y=-1.000 Z=-1.000), Max=(X=1.000 Y=1.000 Z=690.000) RuntimeBounds:IsValid=true, Min=(X=0.000 Y=0.000 Z=690.000), Max=(X=0.000 Y=0.000 Z=690.000) RuntimeGrid:None EditorOnly:false RuntimeOnly:false HLODRelevant:false ListedInSceneOutliner:true IsMainWorldOnly:false FolderPath:Lighting FolderGuid:963EC3EB4002CCE9759E2EBA541A873A
 |   |   |- [+] [ 18]
 |   |   |   |- Guid:D2BF7CEA12E2363B951D9B36E75A08FB NativeClass:/Script/Engine.StaticMeshActor Name:StaticMeshActor_5 Label:SM_Cube2 SpatiallyLoaded:true EditorBounds:IsValid=true, Min=(X=0.000 Y=0.000 Z=0.000), Max=(X=3000.000 Y=100.000 Z=400.000) RuntimeBounds:IsValid=true, Min=(X=0.000 Y=0.000 Z=0.000), Max=(X=3000.000 Y=100.000 Z=400.000) RuntimeGrid:None EditorOnly:false RuntimeOnly:false HLODRelevant:true ListedInSceneOutliner:true IsMainWorldOnly:false FolderPath:Playground FolderGuid:C73F09FC4215536B1DCE2A9E0A830C70
 |   |   |- [+] [ 19]
 |   |   |   |- Guid:E4BF89DA3BD534A6A8914863272E1EEC NativeClass:/Script/Engine.DirectionalLight Name:DirectionalLight_0 Label:DirectionalLight SpatiallyLoaded:false EditorBounds:IsValid=false, Min=(X=0.000 Y=0.000 Z=0.000), Max=(X=0.000 Y=0.000 Z=0.000) RuntimeBounds:IsValid=false, Min=(X=0.000 Y=0.000 Z=0.000), Max=(X=0.000 Y=0.000 Z=0.000) RuntimeGrid:None EditorOnly:false RuntimeOnly:false HLODRelevant:false ListedInSceneOutliner:true IsMainWorldOnly:false FolderPath:Lighting FolderGuid:963EC3EB4002CCE9759E2EBA541A873A
 |   |   |- [+] [ 20]
 |   |   |   |- Guid:F8BE095CCBAC394CAF663240DA29C86F NativeClass:/Script/NavigationSystem.NavMeshBoundsVolume Name:NavMeshBoundsVolume_UAID_107C61AD2840A65C02_1571837863 Label:NavMeshBoundsVolume SpatiallyLoaded:false EditorBounds:IsValid=true, Min=(X=-580.000 Y=-1100.000 Z=-2040.000), Max=(X=3420.000 Y=2900.000 Z=1960.000) RuntimeBounds:IsValid=true, Min=(X=-580.000 Y=-1100.000 Z=-2040.000), Max=(X=3420.000 Y=2900.000 Z=1960.000) RuntimeGrid:None EditorOnly:false RuntimeOnly:false HLODRelevant:false ListedInSceneOutliner:true IsMainWorldOnly:false
 |   |   |- [+] [ 21]
 |   |   |   |- Guid:FF017BBED2733700A3F88657D218897B NativeClass:/Script/Engine.StaticMeshActor Name:StaticMeshActor_1 Label:SM_Cube SpatiallyLoaded:true EditorBounds:IsValid=true, Min=(X=0.000 Y=0.000 Z=-50.000), Max=(X=3000.000 Y=3500.000 Z=0.000) RuntimeBounds:IsValid=true, Min=(X=0.000 Y=0.000 Z=-50.000), Max=(X=3000.000 Y=3500.000 Z=0.000) RuntimeGrid:None EditorOnly:false RuntimeOnly:false HLODRelevant:true ListedInSceneOutliner:true IsMainWorldOnly:false FolderPath:Playground FolderGuid:C73F09FC4215536B1DCE2A9E0A830C70
 |- ContainerInstances:
 |- [+] MainContainer:
 |   |-        ID: 00000000000000000000000000000000
 |   |-  ParentID: 00000000000000000000000000000000
 |   |-    Bounds: IsValid=false, Min=(X=0.000 Y=0.000 Z=0.000), Max=(X=0.000 Y=0.000 Z=0.000)
 |   |- Transform: 0.000000,0.000000,0.000000|0.000000,0.000000,-0.000000|1.000000,1.000000,1.000000
 |   |- Container: /Game/Maps/CombatTestMap
----------------------------------------------------------------------------------------------------------------
CombatTestMap - Persistent Level
----------------------------------------------------------------------------------------------------------------
[+] Content of CombatTestMap Persistent Level
 |- Always loaded Actor Count: 22 
 |- Actor Path: /Game/Maps/CombatTestMap.CombatTestMap:PersistentLevel.BP_Gruntling_Glacer_C_UAID_107C61AD2840B96502_1207783711
 |- Actor Package: /Game/__ExternalActors__/Maps/CombatTestMap/C/XD/N126KMTHF4C0C93AZ7CA6F
 |- Actor Path: /Game/Maps/CombatTestMap.CombatTestMap:PersistentLevel.BP_Gruntling_Guardian_C_UAID_107C61AD2840B56602_1661345063
 |- Actor Package: /Game/__ExternalActors__/Maps/CombatTestMap/5/4W/Q8G7N7XXEM72AIFA9ULVS0
 |- Actor Path: /Game/Maps/CombatTestMap.CombatTestMap:PersistentLevel.BP_Gruntling_Guardian_C_UAID_107C61AD2840B56602_1662193064
 |- Actor Package: /Game/__ExternalActors__/Maps/CombatTestMap/C/I3/6PF8I6IY4RMPR8M2Q3FBNY
 |- Actor Path: /Game/Maps/CombatTestMap.CombatTestMap:PersistentLevel.BP_Gruntling_Guardian_C_UAID_107C61AD2840B56602_1663697065
 |- Actor Package: /Game/__ExternalActors__/Maps/CombatTestMap/8/GJ/AATTIXTWM4AY62Z8LHKMDJ
 |- Actor Path: /Game/Maps/CombatTestMap.CombatTestMap:PersistentLevel.BP_Gruntling_Guardian_C_UAID_107C61AD2840B56602_1668300066
 |- Actor Package: /Game/__ExternalActors__/Maps/CombatTestMap/E/5Q/S4KHLNHS8FV4KJMM4OCWQX
 |- Actor Path: /Game/Maps/CombatTestMap.CombatTestMap:PersistentLevel.DirectionalLight_0
 |- Actor Package: /Game/__ExternalActors__/Maps/CombatTestMap/0/DU/TC1VFCW4WT7241GC62X81Z
 |- Actor Path: /Game/Maps/CombatTestMap.CombatTestMap:PersistentLevel.ExponentialHeightFog_0
 |- Actor Package: /Game/__ExternalActors__/Maps/CombatTestMap/C/5W/GBMSF9BWJK4K798OJZZMMY
 |- Actor Path: /Game/Maps/CombatTestMap.CombatTestMap:PersistentLevel.NavMeshBoundsVolume_UAID_107C61AD2840A65C02_1571837863
 |- Actor Package: /Game/__ExternalActors__/Maps/CombatTestMap/4/9V/1ODFKAZT8TB9ZJLYNI4MXX
 |- Actor Path: /Game/Maps/CombatTestMap.CombatTestMap:PersistentLevel.PlayerStart_0
 |- Actor Package: /Game/__ExternalActors__/Maps/CombatTestMap/7/9K/SV5X92U17FKAXLVI9XNZY7
 |- Actor Path: /Game/Maps/CombatTestMap.CombatTestMap:PersistentLevel.PostProcessVolume_0
 |- Actor Package: /Game/__ExternalActors__/Maps/CombatTestMap/6/EJ/54CXEWKJ2QNZ3CCY3NPPRJ
 |- Actor Path: /Game/Maps/CombatTestMap.CombatTestMap:PersistentLevel.RecastNavMesh_UAID_107C61AD2840A65C02-Default
 |- Actor Package: /Game/__ExternalActors__/Maps/CombatTestMap/7/OS/YZQ5O88QP9V5QHT8LUP6O0
 |- Actor Path: /Game/Maps/CombatTestMap.CombatTestMap:PersistentLevel.SkyAtmosphere_0
 |- Actor Package: /Game/__ExternalActors__/Maps/CombatTestMap/3/TC/37FDLF90Z8NFS7OTTILBHF
 |- Actor Path: /Game/Maps/CombatTestMap.CombatTestMap:PersistentLevel.SkyLight_1
 |- Actor Package: /Game/__ExternalActors__/Maps/CombatTestMap/3/PI/XG1RH9WW8H5FWR5LZ53GHC
 |- Actor Path: /Game/Maps/CombatTestMap.CombatTestMap:PersistentLevel.StaticMeshActor_0
 |- Actor Package: /Game/__ExternalActors__/Maps/CombatTestMap/4/AA/R5Q0949SM4APWRB3OCAE37
 |- Actor Path: /Game/Maps/CombatTestMap.CombatTestMap:PersistentLevel.StaticMeshActor_1
 |- Actor Package: /Game/__ExternalActors__/Maps/CombatTestMap/5/TG/5O3K7AXSD6QKWE4KA5E2FY
 |- Actor Path: /Game/Maps/CombatTestMap.CombatTestMap:PersistentLevel.StaticMeshActor_4
 |- Actor Package: /Game/__ExternalActors__/Maps/CombatTestMap/C/12/GZ0W5I5LW6LS112LHWTDJV
 |- Actor Path: /Game/Maps/CombatTestMap.CombatTestMap:PersistentLevel.StaticMeshActor_5
 |- Actor Package: /Game/__ExternalActors__/Maps/CombatTestMap/9/QE/8X0LBE85I15SH9QYMIVSDA
 |- Actor Path: /Game/Maps/CombatTestMap.CombatTestMap:PersistentLevel.StaticMeshActor_6
 |- Actor Package: /Game/__ExternalActors__/Maps/CombatTestMap/4/WX/5R1ITZEA2J1UB10MUBPJKH
 |- Actor Path: /Game/Maps/CombatTestMap.CombatTestMap:PersistentLevel.StaticMeshActor_UAID_A4AE111137DC5EFB00_1110535423
 |- Actor Package: /Game/__ExternalActors__/Maps/CombatTestMap/4/K0/Z3BOXNAZQLGSIT0VT9JPCU
 |- Actor Path: /Game/Maps/CombatTestMap.CombatTestMap:PersistentLevel.TextRenderActor_1
 |- Actor Package: /Game/__ExternalActors__/Maps/CombatTestMap/7/48/SGRV67KJ9M6GNDJ2E4VIOL
 |- Actor Path: /Game/Maps/CombatTestMap.CombatTestMap:PersistentLevel.VolumetricCloud_0
 |- Actor Package: /Game/__ExternalActors__/Maps/CombatTestMap/6/21/CLNVBB7KNQQM46JIFGRL1D
 |- Actor Path: /Game/Maps/CombatTestMap.CombatTestMap:PersistentLevel.WorldDataLayers
 |- Actor Package: /Game/__ExternalActors__/Maps/CombatTestMap/C/42/KQN10OW6HW5D2MKRPMT0U9

----------------------------------------------------------------------------------------------------------------
CombatTestMap - Runtime Hash Set
----------------------------------------------------------------------------------------------------------------

